#-----------------------------------------------------------
# Vivado v2025.2 (64-bit)
# SW Build 6299465 on Fri Nov 14 19:35:11 GMT 2025
# IP Build 6300035 on Fri Nov 14 10:48:45 MST 2025
# SharedData Build 6298862 on Thu Nov 13 04:50:51 MST 2025
# Start of session at: Sun Apr 19 20:11:43 2026
# Process ID         : 16052
# Current directory  : C:/Users/secret/Desktop/control_logic
# Command line       : vivado.exe -gui_launcher_event rodinguilauncherevent15612 C:\Users\secret\Desktop\control_logic\control_logic.xpr
# Log file           : C:/Users/secret/Desktop/control_logic/vivado.log
# Journal file       : C:/Users/secret/Desktop/control_logic\vivado.jou
# Running On         : DESKTOP-K6JI83N
# Platform           : Windows Server 2016 or Windows 10
# Operating System   : 19045
# Processor Detail   : AMD Ryzen 7 5700X 8-Core Processor             
# CPU Frequency      : 3400 MHz
# CPU Physical cores : 8
# CPU Logical cores  : 16
# Host memory        : 34281 MB
# Swap memory        : 5100 MB
# Total Virtual      : 39381 MB
# Available Virtual  : 28855 MB
#-----------------------------------------------------------
start_gui
open_project C:/Users/secret/Desktop/control_logic/control_logic.xpr
update_compile_order -fileset sources_1
synth_design -rtl -rtl_skip_mlo -name rtl_1
launch_simulation
source tb_control_logic.tcl
close_sim
launch_simulation
launch_simulation
source tb_control_logic.tcl
close_sim
launch_simulation
source tb_control_logic.tcl
close_sim
launch_simulation
source tb_control_logic.tcl
close_sim
launch_simulation
source tb_control_logic.tcl
close_sim
launch_simulation
source tb_control_logic.tcl
close_sim
launch_simulation
source tb_control_logic.tcl
close_sim
launch_simulation
source tb_control_logic.tcl
close_sim
launch_simulation
source tb_control_logic.tcl
update_compile_order -fileset sources_1
update_compile_order -fileset sources_1
close_sim
launch_simulation
source tb_control_logic.tcl
close_sim
launch_simulation
source tb_control_logic.tcl
close_sim
launch_simulation
source tb_control_logic.tcl
close_sim
launch_simulation
source tb_control_logic.tcl
close_sim
launch_simulation
source tb_control_logic.tcl
close_sim
launch_simulation
source tb_control_logic.tcl
close_sim
launch_simulation
source tb_control_logic.tcl
close_sim
launch_simulation
source tb_control_logic.tcl
close_sim
launch_simulation
source tb_control_logic.tcl
close_sim
launch_simulation
source tb_control_logic.tcl
close_sim
launch_simulation
source tb_control_logic.tcl
close_sim
launch_simulation
source tb_control_logic.tcl
close_sim
launch_simulation
source tb_control_logic.tcl
close_sim
launch_simulation
source tb_control_logic.tcl
close_sim
launch_simulation
source tb_control_logic.tcl
close_sim
launch_simulation
source tb_control_logic.tcl
close_sim
launch_simulation
source tb_control_logic.tcl
close_sim
launch_simulation
source tb_control_logic.tcl
close_sim
launch_simulation
source tb_control_logic.tcl
close_sim
launch_simulation
source tb_control_logic.tcl
close_sim
launch_simulation
source tb_control_logic.tcl
close_sim
launch_simulation
source tb_control_logic.tcl
close_sim
